                                ;*** AILZ80ASM *** Z-80 Assembler, version 1.0.31.0, LST:Full:4
                                ;***  CMU-800 PLAYER Ver 0.3B  ***
                                ;***  EQU PACK  ***
                                ;***  82/07/25  ***
                                ;***  by  ANOM  ***
       0A2E                     LETNL EQU 0A2EH
       0A29                     NL    EQU 0A29H
       08C4                     PRNTS EQU 08C4H  ;PRINT " "
       08C6                     PRNT  EQU 08C6H  ;PRINT CHAR$(A)
       0889                     MSG   EQU 0889H  ;PRINT (DE)→0DH
       087B                     MSGX  EQU 087BH  ;PRINT (DE)→0DH
       0F14                     BELL  EQU 0F14H
       0F3F                     MELDY EQU 0F3FH  ;MUSIC (DE)→0DH or "*"
       0F22                     SOUT  EQU 0F22H  ;BC←long HL←high
       0C7C                     CHR80 EQU 0C7CH  ;CONSOLEC80
       0CEE                     CHR40 EQU 0CEEH  ;CONSOLEC40
       08D3                     SCRSET EQU 08D3H
       06A4                     GETL  EQU 06A4H  ;INPUT (DE)
       0832                     GETKEY EQU 0832H  ;GET A
       0571                     KBSET EQU 0571H
       086C                     PRNTT EQU 086CH  ;PRINT TAB
       05D8                     PRTHL EQU 05D8H  ;HLreg PRINT
       05DD                     PRTHX EQU 05DDH  ;Areg PRINT
       05F3                     ASC   EQU 05F3H  ;Areg+4 → ASC!
       05FD                     HEX   EQU 05FDH  ;ASC → Areg+4
       0614                     HLHEX EQU 0614H  ;(DE)→HL
       0623                     AHEX  EQU 0623H  ;(DE)→A
       0E56                     XTEMP EQU 0E56H  ;A→TEMPO
       0E5E                     TIMST EQU 0E5EH  ;DE→Sec.
       0EA9                     TIMRD EQU 0EA9H  ;DE←Sec.
       0562                     BRKEY EQU 0562H  ;Break→Z=1
       0C29                     POINT EQU 0C29H  ;HL←CURSOR
       063A                     SAME  EQU 063AH  ;(DE)=(HL)?
       0251                     SAVE1 EQU 0251H
       0282                     SAVE2 EQU 0282H
       01CB                     MLOAD EQU 01CBH  ;モニタのLコマンド
       028E                     LOAD1 EQU 028EH
       02B2                     LOAD2 EQU 02B2H
       02BE                     VELY  EQU 02BEH
       0457                     CMTON EQU 0457H  ;D(BIT 0or1)=1 THEN Write
       04CE                     CMTOFF EQU 04CEH
       0AA7                     SCROL EQU 0AA7H  ;SCROOL UP!
       05B6                     NLMSGX EQU 05B6H
       05BC                     NLPHLS EQU 05BCH
       058C                     KIN   EQU 058CH  ;A←Head 05CC=Break jump
       00B1                     MON   EQU 00B1H
                                ;
                                ;????????????????????????
                                ; CMU-800 PLAYER Ver 0.33B
                                ; Created 2025 by MKOMA
                                ;????????????????????????
                                ;
                                ;Start 2024/09/15 END     /  /
                                ;
       12A0                       START EQU 012A0H
000000 12A0                       ORG START
000000 12A0 CDF517          17          CALL    MEM2GRAM
000003 12A3 317A33          10          LD      SP,337AH
000006 12A6 217A33          10          LD      HL,337AH        ;PLAYER専用
000009 12A9 36FD            10          LD      (HL),0FDH       ;PLAYER専用?
00000B 12AB CDEE0C          17          CALL    CHR40
00000E 12AE CD8616          17          CALL    CMUSET0
000011 12B1 CD1713          17          CALL    DTanalysis
000014 12B4 21D412          10  HSTART: LD      HL,DSPDT
000017 12B7 CDD016          17          CALL    CSRPRT
00001A 12BA 3EFF             7          LD      A,0FFH   ;(未確認だが残す)
00001C 12BC A7               4  HSTART2:AND     A       ;(未確認だが残す)
00001D 12BD 28F5            12          JR      Z,HSTART
00001F 12BF CDE116          17          CALL    INPUT
000022 12C2 FE50             7          CP      50H     ;P:PLAY
000024 12C4 CC8313          17          CALL    Z,PLAY
000027 12C7 FE4C             7          CP      4CH     ;L:LOAD
000029 12C9 CCCB01          17          CALL    Z,MLOAD
00002C 12CC FE4D             7          CP      4DH     ;M:MON
00002E 12CE CCB100          17          CALL    Z,MON
000031 12D1 C3BC12          10          JP      HSTART2 ;LOOP
000034 12D4 0000                DSPDT:  DEFB    00H,00H ;CURSOR0,0
000036 12D6 06                          DEFB    06H
000037 12D7 2A2A2A20434D552D            DB    '*** CMU-800 PLAYER Ver 0.33B ***'
            38303020504C4159    
            4552205665722030    
            2E333342202A2A2A    
                                
000057 12F7 0D                          DEFB    0DH
000058 12F8 0D                          DEFB    0DH
000059 12F9 503A504C4159                DB    'P:PLAY'
                                
00005F 12FF 0D                          DEFB    0DH
000060 1300 513A53544F50                DB    'Q:STOP'
                                
000066 1306 0D                          DEFB    0DH
000067 1307 4C3A4C4F4144                DB    'L:LOAD'
                                
00006D 130D 0D                          DEFB    0DH
00006E 130E 4D3A4D4F4E                  DB    'M:MON'
                                
000073 1313 0D                          DEFB    0DH
000074 1314 0D                          DEFB    0DH
000075 1315 3F                          DB    '?'
000076 1316 00                          DEFB    00H
000077 1317 117D33          10  DTanalysis: LD      DE,337DH
00007A 131A 21E232          10          LD      HL,32E2H
00007D 131D 060B             7          LD      B,0BH
00007F 131F 1809            12          JR      RM1B94
000081 1321 1A               7  RM1B8B: LD      A,(DE)
000082 1322 13               6          INC     DE
000083 1323 13               6          INC     DE
000084 1324 13               6          INC     DE
000085 1325 FEFE             7          CP      0FEH
000087 1327 DA2113          10          JP      C,RM1B8B
00008A 132A 73               7  RM1B94: LD      (HL),E
00008B 132B 23               6          INC     HL
00008C 132C 72               7          LD      (HL),D
00008D 132D 23               6          INC     HL
00008E 132E 10F1            13          DJNZ    RM1B8B
000090 1330 2A3132          16          LD      HL,(3231H)
000093 1333 ED5BF632        20          LD      DE,(32F6H)
000097 1337 A7               4          AND     A
000098 1338 ED52            15          SBC     HL,DE
00009A 133A CD7613          17          CALL    RM1EDA
00009D 133D ED433332        20          LD      (3233H),BC
0000A1 1341 2A2F32          16          LD      HL,(322FH)
0000A4 1344 A7               4          AND     A
0000A5 1345 ED42            15          SBC     HL,BC
0000A7 1347 010A00          10          LD      BC,000AH
0000AA 134A ED42            15          SBC     HL,BC
0000AC 134C 223532          16          LD      (3235H),HL
0000AF 134F CD1515          17          CALL    SETSTRT
0000B2 1352 3E01             7          LD      A,01H
0000B4 1354 32DB32          13          LD      (32DBH),A
0000B7 1357 210100          10          LD      HL,0001H
0000BA 135A 22DC32          16          LD      (32DCH),HL
0000BD 135D 22DE32          16          LD      (32DEH),HL
0000C0 1360 3E00             7          LD      A,00H
0000C2 1362 322932          13          LD      (3229H),A
0000C5 1365 2AE432          16          LD      HL,(32E4H)
0000C8 1368 22E032          16          LD      (32E0H),HL
0000CB 136B AF               4          XOR     A
0000CC 136C 322D32          13          LD      (322DH),A
0000CF 136F 322632          13          LD      (3226H),A
0000D2 1372 322732          13          LD      (3227H),A
0000D5 1375 C9              10          RET
0000D6 1376 110300          10  RM1EDA: LD      DE,0003H
0000D9 1379 01FFFF          10          LD      BC,0FFFFH
0000DC 137C 03               6  RM1EE0: INC     BC
0000DD 137D ED52            15          SBC     HL,DE
0000DF 137F D27C13          10          JP      NC,RM1EE0
0000E2 1382 C9              10          RET
0000E3 1383 CD1515          17  PLAY:   CALL    SETSTRT
0000E6 1386 CDB716          17          CALL    S8235N1
0000E9 1389 0609             7  LOOP1:  LD      B,09H
0000EB 138B 213E32          10          LD      HL,323EH        ;(?要確認)
0000EE 138E 35              11  LOOP2:  DEC     (HL)
0000EF 138F CCBC13          17          CALL    Z,RM2886        ;(?要確認)
0000F2 1392 23               6          INC     HL
0000F3 1393 35              11          DEC     (HL)
0000F4 1394 CCB314          17          CALL    Z,RM297D        ;(?要確認)
0000F7 1397 111000          10          LD      DE,0010H
0000FA 139A 19              11          ADD     HL,DE
0000FB 139B 10F1            13          DJNZ    LOOP2
0000FD 139D 3A3732          13          LD      A,(3237H)
000100 13A0 FEFF             7          CP      0FFH
000102 13A2 2007            12          JR      NZ,POINT1
000104 13A4 3A3832          13          LD      A,(3238H)
000107 13A7 A7               4          AND     A
000108 13A8 C2B713          10          JP      NZ,ENDPLAY
00010B 13AB CD3517          17  POINT1: CALL    TIMING
00010E 13AE CD6617          17  CALL BOCHI
000111 13B1 CD5415          17          CALL    ONKAI
000114 13B4 C38913          10          JP      LOOP1
000117 13B7 CD8F16          17  ENDPLAY:CALL    S8235N0
00011A 13BA AF               4          XOR     A
00011B 13BB C9              10          RET
00011C 13BC 23               6  RM2886: INC     HL
00011D 13BD 23               6          INC     HL
00011E 13BE 5E               7          LD      E,(HL)
00011F 13BF 23               6          INC     HL
000120 13C0 56               7          LD      D,(HL)
000121 13C1 2B               6  RM288B: DEC     HL
000122 13C2 2B               6          DEC     HL
000123 13C3 2B               6          DEC     HL
000124 13C4 1A               7  RM288E: LD      A,(DE)
000125 13C5 FEFD             7          CP      0FDH
000127 13C7 3811            12          JR      C,RM28A4
000129 13C9 323A32          13          LD      (323AH),A
00012C 13CC C2FE14          10          JP      NZ,RM29C8
00012F 13CF 78               4          LD      A,B
000130 13D0 3D               4          DEC     A
000131 13D1 CABC14          10          JP      Z,RM2986
000134 13D4 13               6          INC     DE
000135 13D5 13               6  RM289F: INC     DE
000136 13D6 13               6          INC     DE
000137 13D7 C3C413          10          JP      RM288E
00013A 13DA FEFB             7  RM28A4: CP      0FBH
00013C 13DC CA5C14          10          JP      Z,RM2926
00013F 13DF FEFC             7          CP      0FCH
000141 13E1 CA8F14          10          JP      Z,RM2959
000144 13E4 2B               6          DEC     HL
000145 13E5 E67F             7          AND     7FH
000147 13E7 77               7          LD      (HL),A
000148 13E8 13               6          INC     DE
000149 13E9 1A               7          LD      A,(DE)
00014A 13EA A7               4          AND     A
00014B 13EB 2003            12          JR      NZ,RM28BA
00014D 13ED 23               6          INC     HL
00014E 13EE 18E5            12          JR      RM289F
000150 13F0 78               4  RM28BA: LD      A,B
000151 13F1 3D               4          DEC     A
000152 13F2 2857            12          JR      Z,RM2915
000154 13F4 4E               7          LD      C,(HL)
000155 13F5 3A2632          13          LD      A,(3226H)
000158 13F8 A7               4          AND     A
000159 13F9 FA0714          10          JP      M,RM28D1
00015C 13FC 81               4          ADD     A,C
00015D 13FD 4F               4  RM28C7: LD      C,A
00015E 13FE FE71             7          CP      71H
000160 1400 380F            12          JR      C,RM28DB
000162 1402 D60C             7          SUB     0CH
000164 1404 C3FD13          10          JP      RM28C7
000167 1407 81               4  RM28D1: ADD     A,C
000168 1408 4F               4  RM28D2: LD      C,A
000169 1409 F21114          10          JP      P,RM28DB
00016C 140C C60C             7          ADD     A,0CH
00016E 140E C30814          10          JP      RM28D2
000171 1411 D5              11  RM28DB: PUSH    DE
000172 1412 E5              11          PUSH    HL
000173 1413 21A415          10          LD      HL,ONKAIDATA        ;★
000176 1416 1600             7          LD      D,00H
000178 1418 59               4          LD      E,C
000179 1419 19              11          ADD     HL,DE
00017A 141A 19              11          ADD     HL,DE
00017B 141B 5E               7          LD      E,(HL)
00017C 141C 23               6          INC     HL
00017D 141D 56               7          LD      D,(HL)
00017E 141E E1              10          POP     HL
00017F 141F 2B               6          DEC     HL
000180 1420 72               7          LD      (HL),D
000181 1421 2B               6          DEC     HL
000182 1422 73               7          LD      (HL),E
000183 1423 23               6          INC     HL
000184 1424 23               6          INC     HL
000185 1425 D1              10          POP     DE
000186 1426 3A2732          13          LD      A,(3227H)
000189 1429 4F               4          LD      C,A
00018A 142A 3A2632          13          LD      A,(3226H)
00018D 142D 81               4          ADD     A,C
00018E 142E 4E               7          LD      C,(HL)
00018F 142F FA3D14          10          JP      M,RM2907
000192 1432 81               4          ADD     A,C
000193 1433 4F               4  RM28FD: LD      C,A
000194 1434 FE40             7          CP      40H
000196 1436 3812            12          JR      C,RM2914
000198 1438 D60C             7          SUB     0CH
00019A 143A C33314          10          JP      RM28FD
00019D 143D 81               4  RM2907: ADD     A,C
00019E 143E F23314          10          JP      P,RM28FD
0001A1 1441 4F               4  RM290B: LD      C,A
0001A2 1442 F24A14          10          JP      P,RM2914
0001A5 1445 C60C             7          ADD     A,0CH
0001A7 1447 C34114          10          JP      RM290B
0001AA 144A 71               7  RM2914: LD      (HL),C
0001AB 144B 23               6  RM2915: INC     HL
0001AC 144C 1A               7          LD      A,(DE)
0001AD 144D 77               7          LD      (HL),A
0001AE 144E 23               6          INC     HL
0001AF 144F 13               6          INC     DE
0001B0 1450 1A               7          LD      A,(DE)
0001B1 1451 3C               4          INC     A
0001B2 1452 77               7          LD      (HL),A
0001B3 1453 13               6          INC     DE
0001B4 1454 23               6          INC     HL
0001B5 1455 73               7          LD      (HL),E
0001B6 1456 23               6          INC     HL
0001B7 1457 72               7          LD      (HL),D
0001B8 1458 2B               6          DEC     HL
0001B9 1459 2B               6          DEC     HL
0001BA 145A 2B               6          DEC     HL
0001BB 145B C9              10          RET
0001BC 145C E5              11  RM2926: PUSH    HL
0001BD 145D D5              11          PUSH    DE
0001BE 145E 13               6          INC     DE
0001BF 145F 1A               7          LD      A,(DE)
0001C0 1460 110400          10          LD      DE,0004H
0001C3 1463 19              11          ADD     HL,DE
0001C4 1464 5E               7          LD      E,(HL)
0001C5 1465 1D               4          DEC     E
0001C6 1466 281E            12          JR      Z,RM2950
0001C8 1468 1C               4          INC     E
0001C9 1469 E5              11          PUSH    HL
0001CA 146A A7               4          AND     A
0001CB 146B CA8214          10          JP      Z,RM294C
0001CE 146E 1600             7          LD      D,00H
0001D0 1470 19              11          ADD     HL,DE
0001D1 1471 2B               6          DEC     HL
0001D2 1472 34              11          INC     (HL)
0001D3 1473 BE               7          CP      (HL)
0001D4 1474 CA8214          10          JP      Z,RM294C
0001D7 1477 D1              10          POP     DE
0001D8 1478 D1              10          POP     DE
0001D9 1479 2B               6          DEC     HL
0001DA 147A 56               7          LD      D,(HL)
0001DB 147B 2B               6          DEC     HL
0001DC 147C 5E               7          LD      E,(HL)
0001DD 147D 1A               7          LD      A,(DE)
0001DE 147E E1              10          POP     HL
0001DF 147F C3A814          10          JP      RM2972
0001E2 1482 E1              10  RM294C: POP     HL
0001E3 1483 35              11          DEC     (HL)
0001E4 1484 35              11          DEC     (HL)
0001E5 1485 35              11          DEC     (HL)
0001E6 1486 D1              10  RM2950: POP     DE
0001E7 1487 13               6          INC     DE
0001E8 1488 13               6          INC     DE
0001E9 1489 13               6          INC     DE
0001EA 148A 1A               7          LD      A,(DE)
0001EB 148B E1              10          POP     HL
0001EC 148C C3A814          10          JP      RM2972
0001EF 148F E5              11  RM2959: PUSH    HL
0001F0 1490 13               6          INC     DE
0001F1 1491 13               6          INC     DE
0001F2 1492 13               6          INC     DE
0001F3 1493 D5              11          PUSH    DE
0001F4 1494 110400          10          LD      DE,0004H
0001F7 1497 19              11          ADD     HL,DE
0001F8 1498 5E               7          LD      E,(HL)
0001F9 1499 1600             7          LD      D,00H
0001FB 149B 34              11          INC     (HL)
0001FC 149C 34              11          INC     (HL)
0001FD 149D 34              11          INC     (HL)
0001FE 149E 19              11          ADD     HL,DE
0001FF 149F D1              10          POP     DE
000200 14A0 73               7          LD      (HL),E
000201 14A1 23               6          INC     HL
000202 14A2 72               7          LD      (HL),D
000203 14A3 23               6          INC     HL
000204 14A4 3600            10          LD      (HL),00H
000206 14A6 1A               7          LD      A,(DE)
000207 14A7 E1              10          POP     HL
000208 14A8 23               6  RM2972: INC     HL
000209 14A9 23               6          INC     HL
00020A 14AA 73               7          LD      (HL),E
00020B 14AB 23               6          INC     HL
00020C 14AC 72               7          LD      (HL),D
00020D 14AD 2B               6          DEC     HL
00020E 14AE 2B               6          DEC     HL
00020F 14AF 2B               6          DEC     HL
000210 14B0 C3C413          10          JP      RM288E
000213 14B3 2B               6  RM297D: DEC     HL
000214 14B4 2B               6          DEC     HL
000215 14B5 7E               7          LD      A,(HL)
000216 14B6 F680             7          OR      80H
000218 14B8 77               7          LD      (HL),A
000219 14B9 23               6          INC     HL
00021A 14BA 23               6          INC     HL
00021B 14BB C9              10          RET
00021C 14BC 2B               6  RM2986: DEC     HL
00021D 14BD 2B               6          DEC     HL
00021E 14BE 56               7          LD      D,(HL)
00021F 14BF 2B               6          DEC     HL
000220 14C0 5E               7          LD      E,(HL)
000221 14C1 13               6          INC     DE
000222 14C2 13               6          INC     DE
000223 14C3 13               6          INC     DE
000224 14C4 73               7          LD      (HL),E
000225 14C5 23               6          INC     HL
000226 14C6 72               7          LD      (HL),D
000227 14C7 23               6          INC     HL
000228 14C8 23               6          INC     HL
000229 14C9 E5              11          PUSH    HL
00022A 14CA 1A               7          LD      A,(DE)
00022B 14CB FEFE             7          CP      0FEH
00022D 14CD CAF214          10          JP      Z,RM29BC
000230 14D0 47               4          LD      B,A
000231 14D1 217D33          10          LD      HL,337DH
000234 14D4 113300          10          LD      DE,0033H
000237 14D7 A7               4          AND     A
000238 14D8 ED52            15          SBC     HL,DE
00023A 14DA 19              11  RM29A4: ADD     HL,DE
00023B 14DB 10FD            13          DJNZ    RM29A4
00023D 14DD 0601             7          LD      B,01H
00023F 14DF EB               4          EX      DE,HL
000240 14E0 2AE432          16          LD      HL,(32E4H)
000243 14E3 A7               4          AND     A
000244 14E4 ED52            15          SBC     HL,DE
000246 14E6 DAF214          10          JP      C,RM29BC
000249 14E9 E1              10          POP     HL
00024A 14EA 23               6          INC     HL
00024B 14EB 23               6          INC     HL
00024C 14EC 73               7          LD      (HL),E
00024D 14ED 23               6          INC     HL
00024E 14EE 72               7          LD      (HL),D
00024F 14EF C3C113          10          JP      RM288B
000252 14F2 E1              10  RM29BC: POP     HL
000253 14F3 1B               6          DEC     DE
000254 14F4 1B               6          DEC     DE
000255 14F5 1B               6          DEC     DE
000256 14F6 2B               6          DEC     HL
000257 14F7 2B               6          DEC     HL
000258 14F8 72               7          LD      (HL),D
000259 14F9 2B               6          DEC     HL
00025A 14FA 73               7          LD      (HL),E
00025B 14FB 23               6          INC     HL
00025C 14FC 23               6          INC     HL
00025D 14FD 23               6          INC     HL
00025E 14FE AF               4  RM29C8: XOR     A
00025F 14FF 37               4          SCF
000260 1500 C5              11          PUSH    BC
000261 1501 17               4  RM29CB: RLA
000262 1502 10FD            13          DJNZ    RM29CB
000264 1504 3005            12          JR      NC,RM29D5
000266 1506 2F               4          CPL
000267 1507 323832          13          LD      (3238H),A
00026A 150A 2F               4          CPL
00026B 150B 47               4  RM29D5: LD      B,A
00026C 150C 3A3732          13          LD      A,(3237H)
00026F 150F B0               4          OR      B
000270 1510 323732          13          LD      (3237H),A
000273 1513 C1              10          POP     BC
000274 1514 C9              10          RET
000275 1515 AF               4  SETSTRT:        XOR     A
000276 1516 323732          13          LD      (3237H),A
000279 1519 323832          13          LD      (3238H),A
00027C 151C 0609             7          LD      B,09H
00027E 151E 213232          10          LD      HL,3232H
000281 1521 11E432          10          LD      DE,32E4H
000284 1524 D5              11  RM29EE: PUSH    DE
000285 1525 110900          10          LD      DE,0009H
000288 1528 19              11          ADD     HL,DE
000289 1529 D1              10          POP     DE
00028A 152A 3601            10          LD      (HL),01H
00028C 152C 23               6          INC     HL
00028D 152D 3600            10          LD      (HL),00H
00028F 152F 23               6          INC     HL
000290 1530 3680            10          LD      (HL),80H
000292 1532 23               6          INC     HL
000293 1533 3601            10          LD      (HL),01H
000295 1535 23               6          INC     HL
000296 1536 23               6          INC     HL
000297 1537 1A               7          LD      A,(DE)
000298 1538 77               7          LD      (HL),A
000299 1539 23               6          INC     HL
00029A 153A 13               6          INC     DE
00029B 153B 1A               7          LD      A,(DE)
00029C 153C 77               7          LD      (HL),A
00029D 153D 23               6          INC     HL
00029E 153E 13               6          INC     DE
00029F 153F 3601            10          LD      (HL),01H
0002A1 1541 23               6          INC     HL
0002A2 1542 10E0            13          DJNZ    RM29EE
0002A4 1544 2AF432          16          LD      HL,(32F4H)
0002A7 1547 2B               6          DEC     HL
0002A8 1548 2B               6          DEC     HL
0002A9 1549 2B               6          DEC     HL
0002AA 154A 22C332          16          LD      (32C3H),HL
0002AD 154D 217A33          10          LD      HL,337AH
0002B0 1550 22C832          16          LD      (32C8H),HL
0002B3 1553 C9              10          RET
0002B4 1554 E5              11  ONKAI:  PUSH    HL
0002B5 1555 C5              11          PUSH    BC
0002B6 1556 D5              11          PUSH    DE
0002B7 1557 0604             7          LD      B,04H
0002B9 1559 C5              11  RM2A23: PUSH    BC
0002BA 155A DD213B32        14          LD      IX,323BH
0002BE 155E 219C15          10          LD      HL,CHPORT       ;★
0002C1 1561 111100          10          LD      DE,0011H
0002C4 1564 0601             7          LD      B,01H
0002C6 1566 DD7E02          19  RM2A30: LD      A,(IX+02H)
0002C9 1569 D398            11          OUT     (98H),A
0002CB 156B 78               4          LD      A,B
0002CC 156C D39A            11          OUT     (9AH),A
0002CE 156E 3D               4          DEC     A
0002CF 156F D39A            11          OUT     (9AH),A
0002D1 1571 4E               7          LD      C,(HL)
0002D2 1572 DD7E00          19          LD      A,(IX+00H)
0002D5 1575 ED79            12          OUT     (C),A
0002D7 1577 DD7E01          19          LD      A,(IX+01H)
0002DA 157A ED79            12          OUT     (C),A
0002DC 157C DD19            15          ADD     IX,DE
0002DE 157E 23               6          INC     HL
0002DF 157F 78               4          LD      A,B
0002E0 1580 D39A            11          OUT     (9AH),A
0002E2 1582 04               4          INC     B
0002E3 1583 04               4          INC     B
0002E4 1584 FE0F             7          CP      0FH
0002E6 1586 C26615          10          JP      NZ,RM2A30
0002E9 1589 DD7E02          19          LD      A,(IX+02H)
0002EC 158C A7               4          AND     A
0002ED 158D F29215          10          JP      P,RM2A5C
0002F0 1590 3E7F             7          LD      A,7FH
0002F2 1592 17               4  RM2A5C: RLA
0002F3 1593 D399            11          OUT     (99H),A
0002F5 1595 C1              10          POP     BC
0002F6 1596 10C1            13          DJNZ    RM2A23
0002F8 1598 D1              10          POP     DE
0002F9 1599 C1              10          POP     BC
0002FA 159A E1              10          POP     HL
0002FB 159B C9              10          RET
0002FC 159C 90                  CHPORT: DEFB    90H
0002FD 159D 91                          DEFB    91H
0002FE 159E 92                          DEFB    92H
0002FF 159F 94                          DEFB    94H
000300 15A0 95                          DEFB    95H
000301 15A1 96                          DEFB    96H
000302 15A2 9C               4          SBC     A,H
000303 15A3 9C               4          SBC     A,H
000304 15A4 4197                ONKAIDATA: DEFB    41H,97H ;C0
000306 15A6 BE8E                        DEFB    0BEH,8EH
000308 15A8 BB86                        DEFB    0BBH,86H
00030A 15AA 2E7F                        DEFB    2EH,7FH
00030C 15AC 0B78                        DEFB    0BH,78H
00030E 15AE 4E71                        DEFB    4EH,71H
000310 15B0 ED6A                        DEFB    0EDH,6AH
000312 15B2 EC64                        DEFB    0ECH,64H
000314 15B4 415F                        DEFB    41H,5FH
000316 15B6 E859                        DEFB    0E8H,59H
000318 15B8 D954                        DEFB    0D9H,54H
00031A 15BA 1550                        DEFB    15H,50H
00031C 15BC 954B                        DEFB    95H,4BH ;C1
00031E 15BE 5447                        DEFB    54H,47H
000320 15C0 5343                        DEFB    53H,43H
000322 15C2 8D3F                        DEFB    8DH,3FH
000324 15C4 FC3B                        DEFB    0FCH,3BH
000326 15C6 9E38                        DEFB    9EH,38H
000328 15C8 6E35                        DEFB    6EH,35H
00032A 15CA 6E32                        DEFB    6EH,32H
00032C 15CC 992F                        DEFB    99H,2FH
00032E 15CE ED2C                        DEFB    0EDH,2CH
000330 15D0 662A                        DEFB    66H,2AH
000332 15D2 0528                        DEFB    05H,28H
000334 15D4 C525                        DEFB    0C5H,25H ;C2
000336 15D6 A523                        DEFB    0A5H,23H
000338 15D8 A521                        DEFB    0A5H,21H
00033A 15DA C31F                        DEFB    0C3H,1FH
00033C 15DC FB1D                        DEFB    0FBH,1DH
00033E 15DE 4C1C                        DEFB    4CH,1CH
000340 15E0 B41A                        DEFB    0B4H,1AH
000342 15E2 3419                        DEFB    34H,19H
000344 15E4 CA17                        DEFB    0CAH,17H
000346 15E6 7416                        DEFB    74H,16H
000348 15E8 3115                        DEFB    31H,15H
00034A 15EA 0114                        DEFB    01H,14H
00034C 15EC E112                        DEFB    0E1H,12H ;C3
00034E 15EE D111                        DEFB    0D1H,11H
000350 15F0 D110                        DEFB    0D1H,10H
000352 15F2 E10F                        DEFB    0E1H,0FH
000354 15F4 FD0E                        DEFB    0FDH,0EH
000356 15F6 250E                        DEFB    25H,0EH
000358 15F8 590D                        DEFB    59H,0DH
00035A 15FA 990C                        DEFB    99H,0CH
00035C 15FC E40B                        DEFB    0E4H,0BH
00035E 15FE 390B                        DEFB    39H,0BH
000360 1600 980A                        DEFB    98H,0AH
000362 1602 000A                        DEFB    00H,0AH
000364 1604 7009                        DEFB    70H,09H ;C4
000366 1606 E808                        DEFB    0E8H,08H
000368 1608 6808                        DEFB    68H,08H
00036A 160A F007                        DEFB    0F0H,07H
00036C 160C 7E07                        DEFB    7EH,07H
00036E 160E 1207                        DEFB    12H,07H
000370 1610 AC06                        DEFB    0ACH,06H
000372 1612 4C06                        DEFB    4CH,06H
000374 1614 F205                        DEFB    0F2H,05H
000376 1616 9C05                        DEFB    9CH,05H
000378 1618 4C05                        DEFB    4CH,05H
00037A 161A 0005                        DEFB    00H,05H
00037C 161C B804                        DEFB    0B8H,04H ;C5
00037E 161E 7404                        DEFB    74H,04H
000380 1620 3404                        DEFB    34H,04H
000382 1622 F803                        DEFB    0F8H,03H
000384 1624 BF03                        DEFB    0BFH,03H
000386 1626 8903                        DEFB    89H,03H
000388 1628 5603                        DEFB    56H,03H
00038A 162A 2603                        DEFB    26H,03H
00038C 162C F902                        DEFB    0F9H,02H
00038E 162E CE02                        DEFB    0CEH,02H
000390 1630 A602                        DEFB    0A6H,02H
000392 1632 8002                        DEFB    80H,02H
000394 1634 5C02                        DEFB    5CH,02H ;C6
000396 1636 3A02                        DEFB    3AH,02H
000398 1638 1A02                        DEFB    1AH,02H
00039A 163A FC01                        DEFB    0FCH,01H
00039C 163C DF01                        DEFB    0DFH,01H
00039E 163E C401                        DEFB    0C4H,01H
0003A0 1640 AB01                        DEFB    0ABH,01H
0003A2 1642 9301                        DEFB    93H,01H
0003A4 1644 7C01                        DEFB    7CH,01H
0003A6 1646 6701                        DEFB    67H,01H
0003A8 1648 5301                        DEFB    53H,01H
0003AA 164A 4001                        DEFB    40H,01H
0003AC 164C 2E01                        DEFB    2EH,01H ;C7
0003AE 164E 1D01                        DEFB    1DH,01H
0003B0 1650 0D01                        DEFB    0DH,01H
0003B2 1652 FE00                        DEFB    0FEH,00H
0003B4 1654 F000                        DEFB    0F0H,00H
0003B6 1656 E200                        DEFB    0E2H,00H
0003B8 1658 D500                        DEFB    0D5H,00H
0003BA 165A C900                        DEFB    0C9H,00H
0003BC 165C BE00                        DEFB    0BEH,00H
0003BE 165E B300                        DEFB    0B3H,00H
0003C0 1660 A900                        DEFB    0A9H,00H
0003C2 1662 A000                        DEFB    0A0H,00H
0003C4 1664 9700                        DEFB    97H,00H ;C8
0003C6 1666 8E00                        DEFB    8EH,00H
0003C8 1668 8600                        DEFB    86H,00H
0003CA 166A 7F00                        DEFB    7FH,00H
0003CC 166C 7800                        DEFB    78H,00H
0003CE 166E 7100                        DEFB    71H,00H
0003D0 1670 6A00                        DEFB    6AH,00H
0003D2 1672 6400                        DEFB    64H,00H
0003D4 1674 5F00                        DEFB    5FH,00H
0003D6 1676 5900                        DEFB    59H,00H
0003D8 1678 5400                        DEFB    54H,00H
0003DA 167A 5000                        DEFB    50H,00H
0003DC 167C 4B00                        DEFB    4BH,00H ;C9
0003DE 167E 4700                        DEFB    47H,00H
0003E0 1680 4300                        DEFB    43H,00H
0003E2 1682 3F00                        DEFB    3FH,00H
0003E4 1684 3C00                        DEFB    3CH,00H
0003E6 1686 3E88             7  CMUSET0:LD      A,88H
0003E8 1688 06FF             7          LD      B,0FFH
0003EA 168A D39B            11          OUT     (9BH),A
0003EC 168C 78               4          LD      A,B
0003ED 168D D399            11          OUT     (99H),A
0003EF 168F 3E30             7  S8235N0:LD      A,30H
0003F1 1691 D393            11          OUT     (93H),A
0003F3 1693 3E70             7          LD      A,70H
0003F5 1695 D393            11          OUT     (93H),A
0003F7 1697 3EB0             7          LD      A,0B0H
0003F9 1699 D393            11          OUT     (93H),A
0003FB 169B 3E30             7          LD      A,30H
0003FD 169D D397            11          OUT     (97H),A
0003FF 169F 3E70             7          LD      A,70H
000401 16A1 D397            11          OUT     (97H),A
000403 16A3 3EB0             7          LD      A,0B0H
000405 16A5 D397            11          OUT     (97H),A
000407 16A7 213D32          10          LD      HL,323DH
00040A 16AA 0609             7          LD      B,09H
00040C 16AC 111100          10          LD      DE,0011H
00040F 16AF 3680            10  RM2C15: LD      (HL),80H
000411 16B1 19              11          ADD     HL,DE
000412 16B2 10FB            13          DJNZ    RM2C15
000414 16B4 C35415          10          JP      ONKAI
000417 16B7 3E36             7  S8235N1:        LD      A,36H
000419 16B9 D393            11          OUT     (93H),A
00041B 16BB 3E76             7          LD      A,76H
00041D 16BD D393            11          OUT     (93H),A
00041F 16BF 3EB6             7          LD      A,0B6H
000421 16C1 D393            11          OUT     (93H),A
000423 16C3 3E36             7          LD      A,36H
000425 16C5 D397            11          OUT     (97H),A
000427 16C7 3E76             7          LD      A,76H
000429 16C9 D397            11          OUT     (97H),A
00042B 16CB 3EB6             7          LD      A,0B6H
00042D 16CD D397            11          OUT     (97H),A
00042F 16CF C9              10          RET
000430 16D0 5E               7  CSRPRT: LD      E,(HL)
000431 16D1 23               6          INC     HL
000432 16D2 56               7          LD      D,(HL)
000433 16D3 23               6          INC     HL
000434 16D4 CD3017          17  RM2F14: CALL    RM318E
000437 16D7 7E               7  RM2F17: LD      A,(HL)
000438 16D8 23               6          INC     HL
000439 16D9 A7               4          AND     A
00043A 16DA C8              11          RET     Z
00043B 16DB CD2A17          17          CALL    RM3188
00043E 16DE C3D716          10          JP      RM2F17
000441 16E1 E5              11  INPUT:  PUSH    HL
000442 16E2 C5              11          PUSH    BC
000443 16E3 D5              11          PUSH    DE
000444 16E4 CD290C          17          CALL    POINT 
000447 16E7 220300          16          LD      (0003H),HL
00044A 16EA CD3E0C          17          CALL    0C3EH
00044D 16ED 320D00          13          LD      (000DH),A
000450 16F0 320E00          13          LD      (000EH),A
000453 16F3 2A0300          16  RM3151: LD      HL,(0003H)
000456 16F6 3A0E00          13          LD      A,(000EH)
000459 16F9 FE1F             7          CP      01FH
00045B 16FB 200B            12          JR      NZ,RM3166
00045D 16FD 3A0D00          13          LD      A,(000DH)
000460 1700 320E00          13  RM315E: LD      (000EH),A
000463 1703 CD500C          17          CALL    0C50H
000466 1706 1804            12          JR      RM316A
000468 1708 3E1F             7  RM3166: LD      A,01FH
00046A 170A 18F4            12          JR      RM315E
00046C 170C 0640             7  RM316A: LD      B,40H
00046E 170E C5              11  RM316C: PUSH    BC
00046F 170F CD0F09          17          CALL    090FH
000472 1712 FE1E             7          CP      01EH
000474 1714 C1              10          POP     BC
000475 1715 2004            12          JR      NZ,RM3179
000477 1717 10F5            13          DJNZ    RM316C
000479 1719 18D8            12          JR      RM3151
00047B 171B F5              11  RM3179: PUSH    AF
00047C 171C 2A0300          16          LD      HL,(0003H)
00047F 171F 3A0D00          13          LD      A,(000DH)
000482 1722 CD500C          17          CALL    0C50H
000485 1725 F1              10          POP     AF
000486 1726 D1              10          POP     DE
000487 1727 C1              10          POP     BC
000488 1728 E1              10          POP     HL
000489 1729 C9              10          RET
00048A 172A F5              11  RM3188: PUSH    AF
00048B 172B CDC608          17          CALL    PRNT
00048E 172E F1              10          POP     AF
00048F 172F C9              10          RET
000490 1730 ED53D111        20  RM318E: LD      (11D1H),DE
000494 1734 C9              10          RET
000495 1735 DBE8            11  TIMING: IN      A,(0E8H)
000497 1737 E6F0             7          AND     0F0H
000499 1739 F606             7          OR      06H
00049B 173B D3E8            11          OUT     (0E8H),A
00049D 173D DBEA            11  RM31B9: IN      A,(0EAH)
00049F 173F FEFD             7          CP      0FDH
0004A1 1741 281B            12          JR      Z,RM31F6
0004A3 1743 DB9A            11          IN      A,(9AH)
0004A5 1745 E680             7          AND     80H
0004A7 1747 28F4            12          JR      Z,RM31B9
0004A9 1749 DBE8            11  RM31D3: IN      A,(0E8H)
0004AB 174B E6F0             7          AND     0F0H
0004AD 174D F606             7          OR      06H
0004AF 174F D3E8            11          OUT     (0E8H),A
0004B1 1751 DBEA            11          IN      A,(0EAH)
0004B3 1753 FEFD             7          CP      0FDH
0004B5 1755 2807            12          JR      Z,RM31F6
0004B7 1757 DB9A            11          IN      A,(9AH)
0004B9 1759 E680             7          AND     80H
0004BB 175B C8              11  RM31F3: RET     Z
0004BC 175C 18EB            12          JR      RM31D3
0004BE 175E 33               6  RM31F6: INC     SP
0004BF 175F 33               6          INC     SP
0004C0 1760 CDE116          17          CALL    INPUT
0004C3 1763 C3B713          10          JP      ENDPLAY
0004C6 1766 2AF117          16  BOCHI:  LD      HL,(RM2790)
0004C9 1769 23               6  RM2711: INC     HL     
0004CA 176A E5              11        PUSH    HL
0004CB 176B 2AF117          16        LD      HL,(RM2790)
0004CE 176E 23               6        INC     HL
0004CF 176F 6E               7        LD      L,(HL)
0004D0 1770 2600             7        LD      H,00H
0004D2 1772 23               6        INC     HL
0004D3 1773 EB               4        EX      DE,HL
0004D4 1774 E1              10        POP     HL
0004D5 1775 73               7        LD      (HL),E
0004D6 1776 2AF117          16  RM271E:      LD      HL,(RM2790)
0004D9 1779 23               6        INC     HL
0004DA 177A 6E               7        LD      L,(HL)
0004DB 177B 2600             7        LD      H,00H
0004DD 177D 110600          10        LD      DE,0006H   ;ここをいじるとアニメのスピードが変わる
0004E0 1780 CDE817          17  RM2728: CALL    RM15E8
0004E3 1783 7D               4        LD      A,L
0004E4 1784 B4               4        OR      H
0004E5 1785 2801            12        JR      Z,RM2731
0004E7 1787 C9              10        RET           
0004E8 1788 2AF117          16  RM2731:LD      HL,(RM2790)
0004EB 178B 23               6        INC     HL
0004EC 178C 3600            10        LD      (HL),00H
0004EE 178E 2AF117          16        LD      HL,(RM2790)
0004F1 1791 7E               7        LD      A,(HL)
0004F2 1792 FE01             7  RM273B:      CP      01H
0004F4 1794 2006            12        JR      NZ,RM2745
0004F6 1796 210100          10        LD      HL,0001H
0004F9 1799 CDE217          17        CALL    RM1B57
0004FC 179C 2AF117          16  RM2745:      LD      HL,(RM2790)
0004FF 179F 7E               7        LD      A,(HL)
000500 17A0 FE02             7        CP      02H
000502 17A2 2006            12        JR      NZ,RM2753
000504 17A4 210200          10        LD      HL,0002H
000507 17A7 CDE217          17        CALL    RM1B57
00050A 17AA 2AF117          16  RM2753:      LD      HL,(RM2790)
00050D 17AD 7E               7        LD      A,(HL)
00050E 17AE FE03             7        CP      03H
000510 17B0 2006            12        JR      NZ,RM2761
000512 17B2 210400          10        LD      HL,0004H
000515 17B5 CDE217          17        CALL    RM1B57
000518 17B8 2AF117          16  RM2761:      LD      HL,(RM2790)
00051B 17BB 7E               7        LD      A,(HL)
00051C 17BC FE04             7        CP      04H
00051E 17BE 2006            12        JR      NZ,RM276F
000520 17C0 210200          10        LD      HL,0002H
000523 17C3 CDE217          17        CALL    RM1B57
000526 17C6 2AF117          16  RM276F:      LD      HL,(RM2790)
000529 17C9 E5              11        PUSH    HL
00052A 17CA 2AF117          16        LD      HL,(RM2790)
00052D 17CD 6E               7        LD      L,(HL)
00052E 17CE 2600             7        LD      H,00H
000530 17D0 23               6        INC     HL
000531 17D1 EB               4        EX      DE,HL
000532 17D2 E1              10        POP     HL
000533 17D3 73               7        LD      (HL),E
000534 17D4 2AF117          16  RM277D:      LD      HL,(RM2790)
000537 17D7 7E               7        LD      A,(HL)
000538 17D8 FE05             7        CP      05H
00053A 17DA 2005            12        JR      NZ,RM278A
00053C 17DC 2AF117          16        LD      HL,(RM2790)
00053F 17DF 3601            10        LD      (HL),01H
000541 17E1 C9              10  RM278A:RET
000542 17E2 7D               4  RM1B57:       LD      A,L
000543 17E3 E60F             7         AND     0FH
000545 17E5 D3F6            11         OUT     (0F6H),A
000547 17E7 C9              10         RET
000548 17E8 B7               4  RM15E8:OR      A
000549 17E9 ED52            15  SBC     HL,DE
00054B 17EB 210000          10  LD      HL,0000H
00054E 17EE F0              11  RET     P
00054F 17EF 2C               4  INC     L
000550 17F0 C9              10  RET
000551 17F1 F3170001            RM2790:DEFB 0F3H,17H,00H,01H    ;17F3H参照、ソースが変わるとここの値を変える必要がある。（一度アセンブルしないと修正できない…）
                                                                ;WICSで作成したルーチンなので、適正化したい
                                                                ;00H,01Hを17F3に格納し、そのアドレスを17F1に格納しているが、
                                                                ;変数のアドレスをいちいち書くのはおかしいので整理が必要
                                                                ;この変数はどのGRAMを表示しているか示している。
                                
                                
000555 17F5 CD3F18          17  MEM2GRAM:CALL   GRAMON
000558 17F8 3E01             7          LD      A,01H   ;GRAPHI1
00055A 17FA D3F7            11          OUT     (0F7H),A
00055C 17FC 210020          10          LD      HL,2000H        ;from
00055F 17FF 1100C0          10          LD      DE,0C000H       ;to
000562 1802 01FF3F          10          LD      BC,3FFFH
000565 1805 EDB0                        LDIR    
000567 1807 3E02             7          LD      A,02H   ;GRAPHI2
000569 1809 D3F7            11          OUT     (0F7H),A
00056B 180B 210060          10          LD      HL,6000H        ;from
00056E 180E 1100C0          10          LD      DE,0C000H       ;to
000571 1811 01FF3F          10          LD      BC,3FFFH
000574 1814 EDB0                        LDIR    
000576 1816 CD4818          17          CALL    GRAMOFF
                                
                                ;GRAMとアドレスが被るデータの移動
000579 1819 2100A0          10          LD      HL,A000H        ;from
00057C 181C 110060          10          LD      DE,06000H       ;to
00057F 181F 01FF3F          10          LD      BC,3FFFH
000582 1822 EDB0                        LDIR    
                                
000584 1824 CD3F18          17          CALL    GRAMON
000587 1827 3E03             7          LD      A,03H   ;GRAPHI3
000589 1829 D3F7            11          OUT     (0F7H),A
00058B 182B 210060          10          LD      HL,6000H        ;from
00058E 182E 1100C0          10          LD      DE,0C000H       ;to
000591 1831 01FF3F          10          LD      BC,3FFFH
000594 1834 EDB0                        LDIR    
000596 1836 CD4818          17          CALL    GRAMOFF
                                        
000599 1839 3EC9             7          LD      A,0C9H  ;MEM2GRAMをC9（RET）で上書きして無効化
00059B 183B 32F517          13          LD      (MEM2GRAM),A
00059E 183E C9              10          RET
                                
00059F 183F DBE8            11  GRAMON: IN      A,(0E8H)
0005A1 1841 CBFF             8          SET     7,A     ;VRAM ON
0005A3 1843 CBB7             8          RES     6,A     ;グラフィックアクセス
0005A5 1845 D3E8            11          OUT     (0E8H),A
0005A7 1847 C9              10          RET
0005A8 1848 DBE8            11  GRAMOFF:IN      A,(0E8H)
0005AA 184A CBBF             8          RES     7,A     ;VRAM OFF
0005AC 184C CBF7             8          SET     6,A     ;キャラクタアクセス
0005AE 184E D3E8            11          OUT     (0E8H),A
0005B0 1850 C9              10          RET
                                
[EOF:アセンブルリストV033B.z80:UTF_8]
